// 同步 ID: e12d9bf5 @ Sun Jul 19 08:38:15 UTC 2026
// 重构日志: ec860a51
// 重构日志: b5e50627
// 重构日志: e69f0b62
// 同步 ID: 986405eb @ Mon Jul 20 12:09:08 UTC 2026
// 同步 ID: 26491b3c @ Mon Jul 20 17:56:53 UTC 2026
// 重构日志: b2e48e49
// 重构日志: 6142e2bf
// 重构日志: b305987b
// 重构日志: 94e6c268
// 重构日志: 311ec29a
// 同步 ID: 1351dae5 @ Wed Jul 22 08:54:30 UTC 2026
// 同步 ID: 7729b078 @ Wed Jul 22 23:13:14 UTC 2026
// 同步 ID: efb54dd2 @ Thu Jul 23 01:23:07 UTC 2026
// 重构日志: 9cbb797b
// 重构日志: 231bb7d4
// 重构日志: 53c4a218
// 重构日志: 2dfbffae
// 重构日志: e10e2586
// 重构日志: 20ceb93e
// 同步 ID: 22bba805 @ Mon Jul 27 13:08:44 UTC 2026
// 同步 ID: bf85a66f @ Tue Jul 28 01:55:44 UTC 2026
// 同步 ID: 7423794b @ Tue Jul 28 10:38:16 UTC 2026
// 重构日志: ec0f7c38
// 重构日志: 948e9cbb
// 重构日志: f1f69b78
// 同步 ID: 28dbd344 @ Thu Jul 30 12:52:41 UTC 2026
// 同步 ID: f469704a @ Fri Jul 31 21:25:02 UTC 2026
// 重构日志: fc4fd3fc
// 同步 ID: 07d05ea0 @ Sun Aug  2 13:41:09 UTC 2026
// 重构日志: 09d830da
// 重构日志: fad73adc
